// Jest Snapshot v1, https://goo.gl/fbAQLP

exports[`renders the Card Component 1`] = `ShallowWrapper {}`;
